{
  "version": "1.5.0",
  "plugins_used": [
    {
      "name": "ArtifactoryDetector"
    },
    {
      "name": "AWSKeyDetector"
    },
    {
      "name": "AzureStorageKeyDetector"
    },
    {
      "name": "Base64HighEntropyString",
      "limit": 4.5
    },
    {
      "name": "BasicAuthDetector"
    },
    {
      "name": "CloudantDetector"
    },
    {
      "name": "DiscordBotTokenDetector"
    },
    {
      "name": "GitHubTokenDetector"
    },
    {
      "name": "GitLabTokenDetector"
    },
    {
      "name": "HexHighEntropyString",
      "limit": 3.0
    },
    {
      "name": "IbmCloudIamDetector"
    },
    {
      "name": "IbmCosHmacDetector"
    },
    {
      "name": "IPPublicDetector"
    },
    {
      "name": "JwtTokenDetector"
    },
    {
      "name": "KeywordDetector",
      "keyword_exclude": ""
    },
    {
      "name": "MailchimpDetector"
    },
    {
      "name": "NpmDetector"
    },
    {
      "name": "OpenAIDetector"
    },
    {
      "name": "PrivateKeyDetector"
    },
    {
      "name": "PypiTokenDetector"
    },
    {
      "name": "SendGridDetector"
    },
    {
      "name": "SlackDetector"
    },
    {
      "name": "SoftlayerDetector"
    },
    {
      "name": "SquareOAuthDetector"
    },
    {
      "name": "StripeDetector"
    },
    {
      "name": "TelegramBotTokenDetector"
    },
    {
      "name": "TwilioKeyDetector"
    }
  ],
  "filters_used": [
    {
      "path": "detect_secrets.filters.allowlist.is_line_allowlisted"
    },
    {
      "path": "detect_secrets.filters.common.is_baseline_file",
      "filename": ".secrets.baseline"
    },
    {
      "path": "detect_secrets.filters.common.is_ignored_due_to_verification_policies",
      "min_level": 2
    },
    {
      "path": "detect_secrets.filters.heuristic.is_indirect_reference"
    },
    {
      "path": "detect_secrets.filters.heuristic.is_likely_id_string"
    },
    {
      "path": "detect_secrets.filters.heuristic.is_lock_file"
    },
    {
      "path": "detect_secrets.filters.heuristic.is_not_alphanumeric_string"
    },
    {
      "path": "detect_secrets.filters.heuristic.is_potential_uuid"
    },
    {
      "path": "detect_secrets.filters.heuristic.is_prefixed_with_dollar_sign"
    },
    {
      "path": "detect_secrets.filters.heuristic.is_sequential_string"
    },
    {
      "path": "detect_secrets.filters.heuristic.is_swagger_file"
    },
    {
      "path": "detect_secrets.filters.heuristic.is_templated_secret"
    }
  ],
  "results": {
    ".dotmac/standards-profile.json": [
      {
        "type": "Hex High Entropy String",
        "filename": ".dotmac/standards-profile.json",
        "hashed_secret": "a2f15a147323f169324360797961df4680d34793",
        "is_verified": false,
        "line_number": 11
      },
      {
        "type": "Hex High Entropy String",
        "filename": ".dotmac/standards-profile.json",
        "hashed_secret": "c23658e639bb9b12f8a8a450a7cd705d884744af",
        "is_verified": false,
        "line_number": 104
      },
      {
        "type": "Hex High Entropy String",
        "filename": ".dotmac/standards-profile.json",
        "hashed_secret": "9b9442e29113ee75abaad678e02cad519a23c94f",
        "is_verified": false,
        "line_number": 116
      },
      {
        "type": "Hex High Entropy String",
        "filename": ".dotmac/standards-profile.json",
        "hashed_secret": "f5bcf2d5ec9dae3c23560a5da2726769401d41a1",
        "is_verified": false,
        "line_number": 122
      },
      {
        "type": "Hex High Entropy String",
        "filename": ".dotmac/standards-profile.json",
        "hashed_secret": "f5ed9247d293d4688693a83469ff5415a002ca9b",
        "is_verified": false,
        "line_number": 134
      },
      {
        "type": "Hex High Entropy String",
        "filename": ".dotmac/standards-profile.json",
        "hashed_secret": "f042b73fc113a2024537de9010149992ef458e17",
        "is_verified": false,
        "line_number": 140
      },
      {
        "type": "Hex High Entropy String",
        "filename": ".dotmac/standards-profile.json",
        "hashed_secret": "105dd4ac656ecd7b512527176eb6ae12782bfbec",
        "is_verified": false,
        "line_number": 146
      },
      {
        "type": "Hex High Entropy String",
        "filename": ".dotmac/standards-profile.json",
        "hashed_secret": "7ed1ac9e9a134606598ff8c8ebd7cca31863fe97",
        "is_verified": false,
        "line_number": 152
      }
    ],
    ".github/workflows/ci.yml": [
      {
        "type": "Secret Keyword",
        "filename": ".github/workflows/ci.yml",
        "hashed_secret": "69c1b35a98a7f2650c4b72c4f2d627aa47b83a60",
        "is_verified": false,
        "line_number": 290
      },
      {
        "type": "Basic Auth Credentials",
        "filename": ".github/workflows/ci.yml",
        "hashed_secret": "afc848c316af1a89d49826c5ae9d00ed769415f3",
        "is_verified": false,
        "line_number": 819
      }
    ],
    ".github/workflows/release-hardened.yml": [
      {
        "type": "Secret Keyword",
        "filename": ".github/workflows/release-hardened.yml",
        "hashed_secret": "69c1b35a98a7f2650c4b72c4f2d627aa47b83a60",
        "is_verified": false,
        "line_number": 53
      }
    ],
    "README.md": [
      {
        "type": "Basic Auth Credentials",
        "filename": "README.md",
        "hashed_secret": "afc848c316af1a89d49826c5ae9d00ed769415f3",
        "is_verified": false,
        "line_number": 275
      }
    ],
    "deploy/product.toml": [
      {
        "type": "Hex High Entropy String",
        "filename": "deploy/product.toml",
        "hashed_secret": "f4527dce6ea97b405a2316b459e4149b45f0e952",
        "is_verified": false,
        "line_number": 63
      }
    ],
    "deploy/rendered/otel-collector.yaml": [
      {
        "type": "Hex High Entropy String",
        "filename": "deploy/rendered/otel-collector.yaml",
        "hashed_secret": "f4527dce6ea97b405a2316b459e4149b45f0e952",
        "is_verified": false,
        "line_number": 35
      },
      {
        "type": "Hex High Entropy String",
        "filename": "deploy/rendered/otel-collector.yaml",
        "hashed_secret": "8e23a3d89d44eb5a4bc358d8e41166e7b222c246",
        "is_verified": false,
        "line_number": 47
      }
    ],
    "docs/paystack_chargebacks_investigation.md": [
      {
        "type": "Hex High Entropy String",
        "filename": "docs/paystack_chargebacks_investigation.md",
        "hashed_secret": "549e0b1156bdc0623bde969c9afe7e7849df2cdf",
        "is_verified": false,
        "line_number": 134
      },
      {
        "type": "Hex High Entropy String",
        "filename": "docs/paystack_chargebacks_investigation.md",
        "hashed_secret": "91cb3271050b4dd8d23fece9c259b684c9b6f88d",
        "is_verified": false,
        "line_number": 135
      },
      {
        "type": "Hex High Entropy String",
        "filename": "docs/paystack_chargebacks_investigation.md",
        "hashed_secret": "1d2a92f84632cd7384fb7db12d2fee6212efba9e",
        "is_verified": false,
        "line_number": 136
      },
      {
        "type": "Hex High Entropy String",
        "filename": "docs/paystack_chargebacks_investigation.md",
        "hashed_secret": "f31b62b70f04be75aaccff1496c49e14baef3094",
        "is_verified": false,
        "line_number": 137
      },
      {
        "type": "Hex High Entropy String",
        "filename": "docs/paystack_chargebacks_investigation.md",
        "hashed_secret": "59af229fcac84dbabd0602558c77b4e22c59c8e1",
        "is_verified": false,
        "line_number": 138
      },
      {
        "type": "Hex High Entropy String",
        "filename": "docs/paystack_chargebacks_investigation.md",
        "hashed_secret": "c2d363c77183f29867b0d430f437c480d30ca650",
        "is_verified": false,
        "line_number": 139
      }
    ],
    "locales/en.json": [
      {
        "type": "Secret Keyword",
        "filename": "locales/en.json",
        "hashed_secret": "4c29f7f0335807c2524d8c36d531496aee23f473",
        "is_verified": false,
        "line_number": 146
      },
      {
        "type": "Secret Keyword",
        "filename": "locales/en.json",
        "hashed_secret": "5c4bc97ee5d0ac344829dbcef02d7302feb098a8",
        "is_verified": false,
        "line_number": 147
      },
      {
        "type": "Secret Keyword",
        "filename": "locales/en.json",
        "hashed_secret": "8be3c943b1609fffbfc51aad666d0a04adf83c9d",
        "is_verified": false,
        "line_number": 149
      },
      {
        "type": "Secret Keyword",
        "filename": "locales/en.json",
        "hashed_secret": "4a7c565d4c4430e3bb8fa6c560125d5eb37e7c3d",
        "is_verified": false,
        "line_number": 150
      },
      {
        "type": "Secret Keyword",
        "filename": "locales/en.json",
        "hashed_secret": "d69c3b1ac54be7da3666d9937b9c78e7c309d6e8",
        "is_verified": false,
        "line_number": 281
      }
    ],
    "templates/people/hr/geofence_editor.html": [
      {
        "type": "Base64 High Entropy String",
        "filename": "templates/people/hr/geofence_editor.html",
        "hashed_secret": "5da80c0d1153cc9a1707bc935c238bc2a3fdab73",
        "is_verified": false,
        "line_number": 8
      },
      {
        "type": "Base64 High Entropy String",
        "filename": "templates/people/hr/geofence_editor.html",
        "hashed_secret": "0d230b4db928292f09ed14ba805cea7367bdf479",
        "is_verified": false,
        "line_number": 189
      }
    ]
  },
  "generated_at": "2026-08-31T07:58:04Z"
}
